// Jest Snapshot v1, https://goo.gl/fbAQLP

exports[`<Sidebar/> 1`] = `<Sidebar />`;

exports[`<Sidebar/> Should call handleSaveFilter 1`] = `<Sidebar />`;

exports[`<Sidebar/> Should render  1`] = `<Sidebar />`;

exports[`<Sidebar/> Should render Sidebar 1`] = `<Sidebar />`;

exports[`<Sidebar/> Should render Sidebar 2`] = `<Sidebar />`;

exports[`<Teste/> Deve renderizar o card sem problemas 1`] = `<Sidebar />`;

exports[`<Teste/> Deve renderizar o card sem problemas 2`] = `<Sidebar />`;
